---
http_interactions:
- request:
    method: post
    uri: http://snowmigo-be.herokuapp.com/api/v1/users
    body:
      encoding: UTF-8
      string: '{"email":"example@gmail.com","name":"Freddie Mercury"}'
    headers:
      User-Agent:
      - Faraday v1.8.0
      Content-Type:
      - application/json
      Accept-Encoding:
      - gzip;q=1.0,deflate;q=0.6,identity;q=0.3
      Accept:
      - "*/*"
  response:
    status:
      code: 201
      message: Created
    headers:
      Server:
      - Cowboy
      Date:
      - Sat, 06 Nov 2021 23:09:21 GMT
      Connection:
      - keep-alive
      Content-Type:
      - application/json; charset=utf-8
      Etag:
      - W/"aadf83f519199ce317a1b58fa7e71551"
      Cache-Control:
      - max-age=0, private, must-revalidate
      X-Request-Id:
      - 196722c2-9b0d-4560-a7af-6e8e5736946d
      X-Runtime:
      - '0.010065'
      Transfer-Encoding:
      - chunked
      Via:
      - 1.1 vegur
    body:
      encoding: UTF-8
      string: '{"data":{"id":"5","type":"user","attributes":{"name":"Freddie Mercury","email":"example@gmail.com","exp_level":null,"ski_pass":null,"address":null,"ski_or_board":null,"emergency_name":null,"emergency_number":null}}}'
  recorded_at: Sat, 06 Nov 2021 23:09:22 GMT
- request:
    method: get
    uri: http://snowmigo-be.herokuapp.com/api/v1/users/5
    body:
      encoding: US-ASCII
      string: ''
    headers:
      User-Agent:
      - Faraday v1.8.0
      Accept-Encoding:
      - gzip;q=1.0,deflate;q=0.6,identity;q=0.3
      Accept:
      - "*/*"
  response:
    status:
      code: 200
      message: OK
    headers:
      Server:
      - Cowboy
      Date:
      - Sat, 06 Nov 2021 23:09:21 GMT
      Connection:
      - keep-alive
      Content-Type:
      - application/json; charset=utf-8
      Etag:
      - W/"aadf83f519199ce317a1b58fa7e71551"
      Cache-Control:
      - max-age=0, private, must-revalidate
      X-Request-Id:
      - 7bf11ce5-98c0-4627-b2a0-6794ec2ecdb7
      X-Runtime:
      - '0.004242'
      Transfer-Encoding:
      - chunked
      Via:
      - 1.1 vegur
    body:
      encoding: UTF-8
      string: '{"data":{"id":"5","type":"user","attributes":{"name":"Freddie Mercury","email":"example@gmail.com","exp_level":null,"ski_pass":null,"address":null,"ski_or_board":null,"emergency_name":null,"emergency_number":null}}}'
  recorded_at: Sat, 06 Nov 2021 23:09:22 GMT
- request:
    method: get
    uri: http://snowmigo-be.herokuapp.com/api/v1/users/5
    body:
      encoding: US-ASCII
      string: ''
    headers:
      User-Agent:
      - Faraday v1.8.0
      Accept-Encoding:
      - gzip;q=1.0,deflate;q=0.6,identity;q=0.3
      Accept:
      - "*/*"
  response:
    status:
      code: 200
      message: OK
    headers:
      Server:
      - Cowboy
      Date:
      - Sat, 06 Nov 2021 23:09:21 GMT
      Connection:
      - keep-alive
      Content-Type:
      - application/json; charset=utf-8
      Etag:
      - W/"aadf83f519199ce317a1b58fa7e71551"
      Cache-Control:
      - max-age=0, private, must-revalidate
      X-Request-Id:
      - 63b248ba-5aba-4730-b7da-6cc19b065774
      X-Runtime:
      - '0.005041'
      Transfer-Encoding:
      - chunked
      Via:
      - 1.1 vegur
    body:
      encoding: UTF-8
      string: '{"data":{"id":"5","type":"user","attributes":{"name":"Freddie Mercury","email":"example@gmail.com","exp_level":null,"ski_pass":null,"address":null,"ski_or_board":null,"emergency_name":null,"emergency_number":null}}}'
  recorded_at: Sat, 06 Nov 2021 23:09:22 GMT
recorded_with: VCR 6.0.0
